// Jest Snapshot v1, https://goo.gl/fbAQLP

exports[`Input Component matches snapshot 1`] = `
<DocumentFragment>
  <div>
    <div>
      Username
    </div>
    <input
      class="input"
      placeholder="Enter your username"
      type="text"
      value=""
    />
  </div>
</DocumentFragment>
`;
